    -1.00000
    -0.99487
    -0.97953
    -0.95414
    -0.91896
    -0.87435
    -0.82076
    -0.75876
    -0.68897
    -0.61211
    -0.52896
    -0.44039
    -0.34731
    -0.25065
    -0.15143
    -0.05065
     0.05065
     0.15143
     0.25065
     0.34731
     0.44039
     0.52896
     0.61211
     0.68897
     0.75876
     0.82076
     0.87435
     0.91896
     0.95414
     0.97953
     0.99487
     1.00000
     0.99487
     0.97953
     0.95414
     0.91896
     0.87435
     0.82076
     0.75876
     0.68897
     0.61211
     0.52896
     0.44039
     0.34731
     0.25065
     0.15143
     0.05065
    -0.05065
    -0.15143
    -0.25065
    -0.34731
    -0.44039
    -0.52896
    -0.61211
    -0.68897
    -0.75876
    -0.82076
    -0.87435
    -0.91896
    -0.95414
    -0.97953
    -0.99487
    -1.00000
