[?1h=
                            < M A T L A B (R) >
                  Copyright 1984-2014 The MathWorks, Inc.
                   R2014b (8.4.0.150421) 64-bit (glnxa64)
                             September 15, 2014

 
To get started, type one of these: helpwin, helpdesk, or demo.
For product information, visit www.mathworks.com.
 
   -0.0349    0.0023    0.0141   -0.0064
   -0.0338    0.0024    0.0141   -0.0055
   -0.0337    0.0024    0.0141   -0.0056
   -0.0338    0.0024    0.0141   -0.0057

[?1l>